// Jest Snapshot v1, https://goo.gl/fbAQLP

exports[`ScriptHostScope can render without props 1`] = `null`;
